mode: set
bindery/internal/bindery/binding.go:22.25,23.43 1 1
bindery/internal/bindery/binding.go:23.43,24.35 1 1
bindery/internal/bindery/binding.go:24.35,26.4 1 1
bindery/internal/bindery/binding.go:27.3,27.33 1 1
bindery/internal/bindery/collect.go:12.35,13.52 1 0
bindery/internal/bindery/collect.go:13.52,15.3 1 0
bindery/internal/bindery/collect.go:16.2,17.16 2 0
bindery/internal/bindery/collect.go:17.16,19.3 1 0
bindery/internal/bindery/collect.go:20.2,21.56 2 0
bindery/internal/bindery/collect.go:21.56,22.44 1 0
bindery/internal/bindery/collect.go:22.44,24.4 1 0
bindery/internal/bindery/collect.go:26.2,26.12 1 0
bindery/internal/bindery/collect.go:29.69,33.25 4 0
bindery/internal/bindery/collect.go:33.25,34.45 1 0
bindery/internal/bindery/collect.go:34.45,35.12 1 0
bindery/internal/bindery/collect.go:37.3,37.44 1 0
bindery/internal/bindery/collect.go:37.44,38.12 1 0
bindery/internal/bindery/collect.go:40.3,40.41 1 0
bindery/internal/bindery/collect.go:40.41,42.12 2 0
bindery/internal/bindery/collect.go:44.3,45.17 2 0
bindery/internal/bindery/collect.go:45.17,47.12 2 0
bindery/internal/bindery/collect.go:49.3,49.27 1 0
bindery/internal/bindery/collect.go:51.2,51.22 1 0
bindery/internal/sources/nvim.go:22.56,23.49 1 0
bindery/internal/sources/nvim.go:23.49,25.3 1 0
bindery/internal/sources/nvim.go:26.2,26.26 1 0
bindery/internal/sources/nvim.go:98.51,100.16 2 0
bindery/internal/sources/nvim.go:100.16,102.3 1 0
bindery/internal/sources/nvim.go:103.2,104.59 2 0
bindery/internal/sources/nvim.go:104.59,107.3 2 0
bindery/internal/sources/nvim.go:108.2,111.16 3 0
bindery/internal/sources/nvim.go:111.16,113.3 1 0
bindery/internal/sources/nvim.go:114.2,124.54 7 0
bindery/internal/sources/nvim.go:124.54,126.3 1 0
bindery/internal/sources/nvim.go:127.2,127.22 1 0
bindery/internal/sources/nvim.go:127.22,129.3 1 0
bindery/internal/sources/nvim.go:131.2,132.16 2 0
bindery/internal/sources/nvim.go:132.16,134.3 1 0
bindery/internal/sources/nvim.go:135.2,135.47 1 0
bindery/internal/sources/nvim.go:135.47,137.3 1 0
bindery/internal/sources/nvim.go:138.2,139.55 2 0
bindery/internal/sources/nvim.go:139.55,141.3 1 0
bindery/internal/sources/nvim.go:146.2,148.28 3 0
bindery/internal/sources/nvim.go:148.28,149.34 1 0
bindery/internal/sources/nvim.go:149.34,150.48 1 0
bindery/internal/sources/nvim.go:150.48,152.5 1 0
bindery/internal/sources/nvim.go:154.3,161.5 1 0
bindery/internal/sources/nvim.go:163.2,163.17 1 0
bindery/internal/sources/nvim.go:176.37,179.76 3 0
bindery/internal/sources/nvim.go:179.76,180.30 1 0
bindery/internal/sources/nvim.go:180.30,182.4 1 0
bindery/internal/sources/nvim.go:183.3,183.61 1 0
bindery/internal/sources/nvim.go:183.61,185.4 1 0
bindery/internal/sources/nvim.go:186.3,187.17 2 0
bindery/internal/sources/nvim.go:187.17,189.4 1 0
bindery/internal/sources/nvim.go:190.3,191.13 2 0
bindery/internal/sources/nvim.go:193.2,193.12 1 0
bindery/internal/sources/nvim.go:197.58,198.30 1 0
bindery/internal/sources/nvim.go:198.30,199.29 1 0
bindery/internal/sources/nvim.go:199.29,200.35 1 0
bindery/internal/sources/nvim.go:200.35,202.5 1 0
bindery/internal/sources/nvim.go:205.2,205.14 1 0
bindery/internal/sources/nvim.go:214.60,216.16 2 0
bindery/internal/sources/nvim.go:216.16,218.3 1 0
bindery/internal/sources/nvim.go:219.2,224.16 5 0
bindery/internal/sources/nvim.go:224.16,228.39 4 0
bindery/internal/sources/nvim.go:228.39,229.12 1 0
bindery/internal/sources/nvim.go:231.3,232.15 2 0
bindery/internal/sources/nvim.go:232.15,233.12 1 0
bindery/internal/sources/nvim.go:235.3,242.57 7 0
bindery/internal/sources/nvim.go:242.57,244.4 1 0
bindery/internal/sources/nvim.go:245.3,252.5 1 0
bindery/internal/sources/nvim.go:254.2,254.22 1 0
bindery/internal/sources/skhd.go:11.56,13.16 2 1
bindery/internal/sources/skhd.go:13.16,15.3 1 0
bindery/internal/sources/skhd.go:16.2,21.16 5 1
bindery/internal/sources/skhd.go:21.16,24.110 3 1
bindery/internal/sources/skhd.go:24.110,25.12 1 1
bindery/internal/sources/skhd.go:27.3,28.10 2 1
bindery/internal/sources/skhd.go:28.10,29.12 1 0
bindery/internal/sources/skhd.go:31.3,33.19 3 1
bindery/internal/sources/skhd.go:33.19,34.12 1 0
bindery/internal/sources/skhd.go:37.3,38.57 2 1
bindery/internal/sources/skhd.go:38.57,41.4 2 1
bindery/internal/sources/skhd.go:42.3,42.17 1 1
bindery/internal/sources/skhd.go:42.17,44.4 1 1
bindery/internal/sources/skhd.go:46.3,47.56 2 1
bindery/internal/sources/skhd.go:47.56,50.4 2 1
bindery/internal/sources/skhd.go:52.3,59.5 1 1
bindery/internal/sources/skhd.go:61.2,61.22 1 1
bindery/internal/sources/skhd.go:64.37,66.23 2 1
bindery/internal/sources/skhd.go:66.23,68.3 1 1
bindery/internal/sources/skhd.go:69.2,70.26 2 1
bindery/internal/sources/skhd.go:70.26,71.14 1 1
bindery/internal/sources/skhd.go:71.14,73.4 1 1
bindery/internal/sources/skhd.go:75.2,75.35 1 1
bindery/internal/sources/sources.go:13.20,16.2 2 0
bindery/internal/sources/sources.go:19.30,26.2 2 0
bindery/internal/sources/wezterm.go:30.59,32.16 2 0
bindery/internal/sources/wezterm.go:32.16,34.3 1 0
bindery/internal/sources/wezterm.go:35.2,44.18 7 0
bindery/internal/sources/wezterm.go:44.18,45.17 1 0
bindery/internal/sources/wezterm.go:45.17,48.4 2 0
bindery/internal/sources/wezterm.go:51.2,51.16 1 0
bindery/internal/sources/wezterm.go:51.16,55.55 3 0
bindery/internal/sources/wezterm.go:55.55,58.72 2 0
bindery/internal/sources/wezterm.go:58.72,60.5 1 0
bindery/internal/sources/wezterm.go:61.4,61.12 1 0
bindery/internal/sources/wezterm.go:63.3,63.55 1 0
bindery/internal/sources/wezterm.go:63.55,74.4 3 0
bindery/internal/sources/wezterm.go:75.3,75.70 1 0
bindery/internal/sources/wezterm.go:75.70,77.4 1 0
bindery/internal/sources/wezterm.go:79.2,80.22 2 0
bindery/internal/cli/fzf.go:15.35,21.23 4 0
bindery/internal/cli/fzf.go:21.23,25.3 3 0
bindery/internal/cli/fzf.go:26.2,26.23 1 0
bindery/internal/cli/fzf.go:26.23,33.3 2 0
bindery/internal/cli/fzf.go:35.2,47.16 5 0
bindery/internal/cli/fzf.go:47.16,50.3 1 0
bindery/internal/cli/fzf.go:51.2,52.15 2 0
bindery/internal/cli/fzf.go:52.15,54.3 1 0
bindery/internal/cli/fzf.go:55.2,56.21 2 0
bindery/internal/cli/fzf.go:56.21,58.3 1 0
bindery/internal/cli/fzf.go:59.2,59.24 1 0
bindery/internal/cli/fzf.go:63.36,66.14 3 0
bindery/internal/cli/fzf.go:66.14,68.3 1 0
bindery/internal/cli/fzf.go:69.2,70.15 2 0
bindery/internal/cli/fzf.go:70.15,72.3 1 0
bindery/internal/cli/fzf.go:74.2,75.18 2 0
bindery/internal/cli/fzf.go:75.18,77.3 1 0
bindery/internal/cli/fzf.go:78.2,78.18 1 0
bindery/internal/cli/fzf.go:78.18,80.3 1 0
bindery/internal/cli/fzf.go:82.2,84.9 3 0
bindery/internal/cli/fzf.go:85.38,86.69 1 0
bindery/internal/cli/fzf.go:87.10,88.61 1 0
bindery/internal/cli/fzf.go:90.2,91.34 2 0
bindery/internal/cli/fzf.go:91.34,93.3 1 0
bindery/internal/cli/fzf.go:97.34,99.15 2 0
bindery/internal/cli/fzf.go:99.15,101.3 1 0
bindery/internal/cli/fzf.go:102.2,102.38 1 0
bindery/internal/cli/fzf.go:106.28,108.22 2 0
bindery/internal/cli/fzf.go:108.22,109.15 1 0
bindery/internal/cli/fzf.go:109.15,111.4 1 0
bindery/internal/cli/fzf.go:111.9,113.4 1 0
bindery/internal/cli/fzf.go:115.2,115.10 1 0
bindery/internal/cli/fzf.go:118.24,119.11 1 0
bindery/internal/cli/fzf.go:119.11,121.3 1 0
bindery/internal/cli/fzf.go:122.2,122.10 1 0
bindery/internal/cli/render.go:15.52,20.2 4 0
bindery/internal/cli/render.go:23.47,26.23 3 0
bindery/internal/cli/render.go:26.23,28.3 1 0
bindery/internal/cli/render.go:29.2,29.12 1 0
bindery/internal/cli/render.go:33.50,39.23 6 0
bindery/internal/cli/render.go:39.23,40.22 1 0
bindery/internal/cli/render.go:40.22,45.4 4 0
bindery/internal/cli/render.go:46.3,46.78 1 0
bindery/internal/cli/render.go:50.29,50.73 1 0
bindery/main.go:13.13,22.33 3 0
bindery/main.go:22.33,23.18 1 0
bindery/main.go:24.23,25.15 1 0
bindery/main.go:26.29,27.15 1 0
bindery/main.go:28.17,29.17 1 0
bindery/main.go:30.19,31.16 1 0
bindery/main.go:32.25,33.23 1 0
bindery/main.go:33.23,36.5 2 0
bindery/main.go:37.23,39.10 2 0
bindery/main.go:40.11,43.14 3 0
bindery/main.go:47.2,48.29 2 0
bindery/main.go:48.29,50.3 1 0
bindery/main.go:51.2,51.24 1 0
bindery/main.go:51.24,54.3 2 0
bindery/main.go:56.2,58.9 2 0
bindery/main.go:59.14,60.32 1 0
bindery/main.go:61.12,62.36 1 0
bindery/main.go:63.52,64.33 1 0
bindery/main.go:65.10,66.23 1 0
bindery/main.go:70.25,72.16 2 0
bindery/main.go:72.16,74.3 1 0
bindery/main.go:75.2,75.41 1 0
bindery/main.go:78.20,81.2 2 0
bindery/main.go:83.18,103.2 1 0
